Compressing...
node : 7Z COMPRESS 
ERROR: Error: unknown 
error
At line:1 char:1
+ node test-compress.js 
*> test-output.txt
+ ~~~~~~~~~~~~~~~~~~~~~~~
~~~~~~~~~~~~~~~~~
    + CategoryInfo       
       : NotSpecified:   
  (7Z COMPRESS ERROR:    
 Error: unknown error    
:String) [], RemoteE    
xception
    + FullyQualifiedErro 
   rId : NativeCommandE  
  rror
 
    at Object.fromBuffer 
(C:\Users\MBVRK\iCompress
or-App\node_modules\node-
7z\src\error.js:30:15)
    at C:\Users\MBVRK\iCo
mpressor-App\node_modules
\node-7z\src\events.js:25
:19
    at 
Socket.<anonymous> (C:\Us
ers\MBVRK\iCompressor-App
\node_modules\node-7z\src
\lifecycle.js:63:51)
    at Socket.emit 
(node:events:508:28)
    at addChunk (node:int
ernal/streams/readable:56
3:12)
    at readableAddChunkPu
shByteMode (node:internal
/streams/readable:514:3)
    at Readable.push (nod
e:internal/streams/readab
le:394:5)
    at Pipe.onStreamRead 
(node:internal/stream_bas
e_commons:189:23) {
  stderr: 
'\r\n\r\nSystem 
ERROR:\r\nThe parameter 
is incorrect.\r\n'
} 

System ERROR:
The parameter is 
incorrect.

Result: { success: false, error: 'unknown error' }
